// Jest Snapshot v1, https://goo.gl/fbAQLP

exports[`Header component renders the UI as expected 1`] = `
<header>
  <h1>
    Google Book Search
  </h1>
</header>
`;
