// Jest Snapshot v1, https://goo.gl/fbAQLP

exports[`Search component renders the UI as expected 1`] = `
Array [
  <label
    htmlFor="prinType"
  >
    Print Type: 
  </label>,
  <select
    id="prinType"
    name="printType"
  >
    <option
      value="all"
    >
      All
    </option>
    <option
      value="books"
    >
      Books
    </option>
    <option
      value="magazines"
    >
      Magazines
    </option>
  </select>,
  <label
    htmlFor="filter"
  >
    Book Type: 
  </label>,
  <select
    id="filter"
    name="filter"
  >
    <option
      value="partial"
    >
      Partial view
    </option>
    <option
      value="full"
    >
      Full view
    </option>
    <option
      value="free-ebooks"
    >
      Free eBooks
    </option>
    <option
      value="paid-ebooks"
    >
      Paid eBooks
    </option>
    <option
      value="ebooks"
    >
      Only eBooks
    </option>
  </select>,
]
`;
