// Jest Snapshot v1, https://goo.gl/fbAQLP

exports[`Search component renders the UI as expected 1`] = `
<div
  className="book-list-container"
/>
`;
